layer at (0,0) size 800x600
  RenderView {#document} at (0,0) size 800x600
layer at (0,0) size 800x0
  RenderBlock {html} at (0,0) size 800x0
layer at (0,0) size 800x600
  RenderBlock (positioned) {city-list} at (0,0) size 800x600 [bgcolor=#FFFFFF]
layer at (0,0) size 800x600 scrollY 1400 scrollHeight 2400
  RenderBlock (positioned) {div} at (0,0) size 800x600
layer at (0,-1400) size 800x2400 backgroundClip at (0,0) size 800x600 clip at (0,0) size 800x600 outlineClip at (0,0) size 800x600
  RenderBlock {div} at (0,0) size 800x2400
layer at (0,400) size 800x27
  RenderBlock (positioned) {state-header} at (0,0) size 800x27
    RenderBlock {div} at (0,0) size 800x27 [color=#FFFFFF] [bgcolor=#333333]
      RenderText {#text} at (12,4) size 71x19
        text run at (12,4) width 71: "Alabama"
layer at (0,178) size 800x20
  RenderBlock (positioned) {letter-header} at (0,-222) size 800x20
    RenderBlock {div} at (0,0) size 800x20 [bgcolor=#DDDDDD]
      RenderText {#text} at (12,2) size 10x14
        text run at (12,2) width 10: "D"
layer at (0,226) size 800x20
  RenderBlock (positioned) {letter-header} at (0,-174) size 800x20
    RenderBlock {div} at (0,0) size 800x20 [bgcolor=#DDDDDD]
      RenderText {#text} at (12,2) size 9x14
        text run at (12,2) width 9: "E"
layer at (0,274) size 800x20
  RenderBlock (positioned) {letter-header} at (0,-126) size 800x20
    RenderBlock {div} at (0,0) size 800x20 [bgcolor=#DDDDDD]
      RenderText {#text} at (12,2) size 10x14
        text run at (12,2) width 10: "G"
layer at (0,352) size 800x20
  RenderBlock (positioned) {letter-header} at (0,-48) size 800x20
    RenderBlock {div} at (0,0) size 800x20 [bgcolor=#DDDDDD]
      RenderText {#text} at (12,2) size 5x14
        text run at (12,2) width 5: "J"
layer at (0,427) size 800x20
  RenderBlock (positioned) {letter-header} at (0,27) size 800x20
    RenderBlock {div} at (0,0) size 800x20 [bgcolor=#DDDDDD]
      RenderText {#text} at (12,2) size 10x14
        text run at (12,2) width 10: "A"
layer at (0,88) size 800x31 clip at (0,88) size 800x30
  RenderFlexibleBox {city-item} at (0,-312) size 800x31 [border: none (1px solid #EEEEEE) none]
    RenderBlock {div} at (12,8) size 173.52x18
      RenderInline {span} at (0,0) size 51x15
        RenderText {#text} at (0,0) size 51x15
          text run at (0,0) width 51: "Casper"
      RenderText {#text} at (50,0) size 9x15
        text run at (50,0) width 9: ", "
      RenderInline {span} at (0,0) size 116x15 [color=#AAAAAA]
        RenderText {#text} at (58,0) size 116x15
          text run at (58,0) width 116: "population 54047"
      RenderText {#text} at (0,0) size 0x0
layer at (0,118) size 800x31 clip at (0,118) size 800x30
  RenderFlexibleBox {city-item} at (0,-282) size 800x31 [border: none (1px solid #EEEEEE) none]
    RenderBlock {div} at (12,8) size 195.17x18
      RenderInline {span} at (0,0) size 73x15
        RenderText {#text} at (0,0) size 73x15
          text run at (0,0) width 73: "Cheyenne"
      RenderText {#text} at (72,0) size 9x15
        text run at (72,0) width 9: ", "
      RenderInline {span} at (0,0) size 116x15 [color=#AAAAAA]
        RenderText {#text} at (80,0) size 116x15
          text run at (80,0) width 116: "population 56915"
      RenderText {#text} at (0,0) size 0x0
layer at (0,148) size 800x31 clip at (0,148) size 800x30
  RenderFlexibleBox {city-item} at (0,-252) size 800x31 [border: none (1px solid #EEEEEE) none]
    RenderBlock {div} at (12,8) size 150.92x18
      RenderInline {span} at (0,0) size 37x15
        RenderText {#text} at (0,0) size 37x15
          text run at (0,0) width 37: "Cody"
      RenderText {#text} at (36,0) size 9x15
        text run at (36,0) width 9: ", "
      RenderInline {span} at (0,0) size 107x15 [color=#AAAAAA]
        RenderText {#text} at (44,0) size 107x15
          text run at (44,0) width 107: "population 9309"
      RenderText {#text} at (0,0) size 0x0
layer at (0,196) size 800x31 clip at (0,196) size 800x30
  RenderFlexibleBox {city-item} at (0,-204) size 800x31 [border: none (1px solid #EEEEEE) none]
    RenderBlock {div} at (12,8) size 173.92x18
      RenderInline {span} at (0,0) size 60x15
        RenderText {#text} at (0,0) size 60x15
          text run at (0,0) width 60: "Douglas"
      RenderText {#text} at (59,0) size 9x15
        text run at (59,0) width 9: ", "
      RenderInline {span} at (0,0) size 107x15 [color=#AAAAAA]
        RenderText {#text} at (67,0) size 107x15
          text run at (67,0) width 107: "population 5971"
      RenderText {#text} at (0,0) size 0x0
layer at (0,244) size 800x31 clip at (0,244) size 800x30
  RenderFlexibleBox {city-item} at (0,-156) size 800x31 [border: none (1px solid #EEEEEE) none]
    RenderBlock {div} at (12,8) size 190.45x18
      RenderInline {span} at (0,0) size 68x15
        RenderText {#text} at (0,0) size 68x15
          text run at (0,0) width 68: "Evanston"
      RenderText {#text} at (67,0) size 9x15
        text run at (67,0) width 9: ", "
      RenderInline {span} at (0,0) size 116x15 [color=#AAAAAA]
        RenderText {#text} at (75,0) size 116x15
          text run at (75,0) width 116: "population 11781"
      RenderText {#text} at (0,0) size 0x0
layer at (0,292) size 800x31 clip at (0,292) size 800x30
  RenderFlexibleBox {city-item} at (0,-108) size 800x31 [border: none (1px solid #EEEEEE) none]
    RenderBlock {div} at (12,8) size 177.03x18
      RenderInline {span} at (0,0) size 55x15
        RenderText {#text} at (0,0) size 55x15
          text run at (0,0) width 55: "Gillette"
      RenderText {#text} at (54,0) size 9x15
        text run at (54,0) width 9: ", "
      RenderInline {span} at (0,0) size 116x15 [color=#AAAAAA]
        RenderText {#text} at (62,0) size 116x15
          text run at (62,0) width 116: "population 26871"
      RenderText {#text} at (0,0) size 0x0
layer at (0,322) size 800x31 clip at (0,322) size 800x30
  RenderFlexibleBox {city-item} at (0,-78) size 800x31 [border: none (1px solid #EEEEEE) none]
    RenderBlock {div} at (12,8) size 209.59x18
      RenderInline {span} at (0,0) size 87x15
        RenderText {#text} at (0,0) size 87x15
          text run at (0,0) width 87: "Green River"
      RenderText {#text} at (86,0) size 9x15
        text run at (86,0) width 9: ", "
      RenderInline {span} at (0,0) size 116x15 [color=#AAAAAA]
        RenderText {#text} at (94,0) size 116x15
          text run at (94,0) width 116: "population 12149"
      RenderText {#text} at (0,0) size 0x0
layer at (0,370) size 800x31 clip at (0,370) size 800x30
  RenderFlexibleBox {city-item} at (0,-30) size 800x31 [border: none (1px solid #EEEEEE) none]
    RenderBlock {div} at (12,8) size 170.55x18
      RenderInline {span} at (0,0) size 56x15
        RenderText {#text} at (0,0) size 56x15
          text run at (0,0) width 56: "Jackson"
      RenderText {#text} at (55,0) size 10x15
        text run at (55,0) width 10: ", "
      RenderInline {span} at (0,0) size 107x15 [color=#AAAAAA]
        RenderText {#text} at (64,0) size 107x15
          text run at (64,0) width 107: "population 9806"
      RenderText {#text} at (0,0) size 0x0
layer at (0,-2) size 800x31 backgroundClip at (0,0) size 800x29 clip at (0,0) size 800x28 outlineClip at (0,0) size 800x600
  RenderFlexibleBox {city-item} at (0,-402) size 800x31 [border: none (1px solid #EEEEEE) none]
    RenderBlock {div} at (12,8) size 195.73x18
      RenderInline {span} at (0,0) size 73x15
        RenderText {#text} at (0,0) size 73x15
          text run at (0,0) width 73: "West Allis"
      RenderText {#text} at (72,0) size 10x15
        text run at (72,0) width 10: ", "
      RenderInline {span} at (0,0) size 115x15 [color=#AAAAAA]
        RenderText {#text} at (81,0) size 115x15
          text run at (81,0) width 115: "population 59416"
      RenderText {#text} at (0,0) size 0x0
layer at (0,28) size 800x31 clip at (0,28) size 800x30
  RenderFlexibleBox {city-item} at (0,-372) size 800x31 [border: none (1px solid #EEEEEE) none]
    RenderBlock {div} at (12,8) size 201.86x18
      RenderInline {span} at (0,0) size 79x15
        RenderText {#text} at (0,0) size 79x15
          text run at (0,0) width 79: "West Bend"
      RenderText {#text} at (78,0) size 10x15
        text run at (78,0) width 10: ", "
      RenderInline {span} at (0,0) size 115x15 [color=#AAAAAA]
        RenderText {#text} at (87,0) size 115x15
          text run at (87,0) width 115: "population 29894"
      RenderText {#text} at (0,0) size 0x0
layer at (0,58) size 800x31 clip at (0,58) size 800x30
  RenderFlexibleBox {city-item} at (0,-342) size 800x31 [border: none (1px solid #EEEEEE) none]
    RenderBlock {div} at (12,8) size 201.25x18
      RenderInline {span} at (0,0) size 87x15
        RenderText {#text} at (0,0) size 87x15
          text run at (0,0) width 87: "West Salem"
      RenderText {#text} at (86,0) size 9x15
        text run at (86,0) width 9: ", "
      RenderInline {span} at (0,0) size 108x15 [color=#AAAAAA]
        RenderText {#text} at (94,0) size 108x15
          text run at (94,0) width 108: "population 4823"
      RenderText {#text} at (0,0) size 0x0
layer at (0,595) size 800x31 backgroundClip at (0,595) size 800x5 clip at (0,595) size 800x5 outlineClip at (0,0) size 800x600
  RenderFlexibleBox {city-item} at (0,195) size 800x31 [border: none (1px solid #EEEEEE) none]
    RenderBlock {div} at (12,8) size 188.09x18
      RenderInline {span} at (0,0) size 66x15
        RenderText {#text} at (0,0) size 66x15
          text run at (0,0) width 66: "Anniston"
      RenderText {#text} at (65,0) size 9x15
        text run at (65,0) width 9: ", "
      RenderInline {span} at (0,0) size 116x15 [color=#AAAAAA]
        RenderText {#text} at (73,0) size 116x15
          text run at (73,0) width 116: "population 23662"
      RenderText {#text} at (0,0) size 0x0
layer at (0,565) size 800x31 clip at (0,565) size 800x30
  RenderFlexibleBox {city-item} at (0,165) size 800x31 [border: none (1px solid #EEEEEE) none]
    RenderBlock {div} at (12,8) size 186.73x18
      RenderInline {span} at (0,0) size 73x15
        RenderText {#text} at (0,0) size 73x15
          text run at (0,0) width 73: "Andalusia"
      RenderText {#text} at (72,0) size 9x15
        text run at (72,0) width 9: ", "
      RenderInline {span} at (0,0) size 107x15 [color=#AAAAAA]
        RenderText {#text} at (80,0) size 107x15
          text run at (80,0) width 107: "population 8978"
      RenderText {#text} at (0,0) size 0x0
layer at (0,535) size 800x31 clip at (0,535) size 800x30
  RenderFlexibleBox {city-item} at (0,135) size 800x31 [border: none (1px solid #EEEEEE) none]
    RenderBlock {div} at (12,8) size 230.42x18
      RenderInline {span} at (0,0) size 108x15
        RenderText {#text} at (0,0) size 108x15
          text run at (0,0) width 108: "Alexander City"
      RenderText {#text} at (107,0) size 9x15
        text run at (107,0) width 9: ", "
      RenderInline {span} at (0,0) size 116x15 [color=#AAAAAA]
        RenderText {#text} at (115,0) size 116x15
          text run at (115,0) width 116: "population 15080"
      RenderText {#text} at (0,0) size 0x0
layer at (0,505) size 800x31 clip at (0,505) size 800x30
  RenderFlexibleBox {city-item} at (0,105) size 800x31 [border: none (1px solid #EEEEEE) none]
    RenderBlock {div} at (12,8) size 198.86x18
      RenderInline {span} at (0,0) size 76x15
        RenderText {#text} at (0,0) size 76x15
          text run at (0,0) width 76: "Albertville"
      RenderText {#text} at (75,0) size 10x15
        text run at (75,0) width 10: ", "
      RenderInline {span} at (0,0) size 115x15 [color=#AAAAAA]
        RenderText {#text} at (84,0) size 115x15
          text run at (84,0) width 115: "population 19794"
      RenderText {#text} at (0,0) size 0x0
layer at (0,475) size 800x31 clip at (0,475) size 800x30
  RenderFlexibleBox {city-item} at (0,75) size 800x31 [border: none (1px solid #EEEEEE) none]
    RenderBlock {div} at (12,8) size 193.48x18
      RenderInline {span} at (0,0) size 71x15
        RenderText {#text} at (0,0) size 71x15
          text run at (0,0) width 71: "Alabaster"
      RenderText {#text} at (70,0) size 9x15
        text run at (70,0) width 9: ", "
      RenderInline {span} at (0,0) size 116x15 [color=#AAAAAA]
        RenderText {#text} at (78,0) size 116x15
          text run at (78,0) width 116: "population 29352"
      RenderText {#text} at (0,0) size 0x0
layer at (0,445) size 800x31 clip at (0,445) size 800x30
  RenderFlexibleBox {city-item} at (0,45) size 800x31 [border: none (1px solid #EEEEEE) none]
    RenderBlock {div} at (12,8) size 194.75x18
      RenderInline {span} at (0,0) size 81x15
        RenderText {#text} at (0,0) size 81x15
          text run at (0,0) width 81: "Adamsville"
      RenderText {#text} at (80,0) size 9x15
        text run at (80,0) width 9: ", "
      RenderInline {span} at (0,0) size 107x15 [color=#AAAAAA]
        RenderText {#text} at (88,0) size 107x15
          text run at (88,0) width 107: "population 4739"
      RenderText {#text} at (0,0) size 0x0

