layer at (0,0) size 800x600
  RenderView {#document} at (0,0) size 800x600
layer at (0,0) size 800x0
  RenderBlock {html} at (0,0) size 800x0
layer at (0,0) size 800x600
  RenderBlock (positioned) {city-list} at (0,0) size 800x600 [bgcolor=#FFFFFF]
layer at (0,0) size 800x600
  RenderBlock (positioned) {div} at (0,0) size 800x600
layer at (0,0) size 800x2400 backgroundClip at (0,0) size 800x600 clip at (0,0) size 800x600 outlineClip at (0,0) size 800x600
  RenderBlock {div} at (0,0) size 800x2400
layer at (0,378) size 800x20
  RenderBlock (positioned) {letter-header} at (0,-222) size 800x20
    RenderParagraph {div} at (0,0) size 800x20 [bgcolor=#DDDDDD]
      RenderText {#text} at (12,2) size 10x14
        text run at (12,2) width 10: "D"
layer at (0,426) size 800x20
  RenderBlock (positioned) {letter-header} at (0,-174) size 800x20
    RenderParagraph {div} at (0,0) size 800x20 [bgcolor=#DDDDDD]
      RenderText {#text} at (12,2) size 9x14
        text run at (12,2) width 9: "E"
layer at (0,474) size 800x20
  RenderBlock (positioned) {letter-header} at (0,-126) size 800x20
    RenderParagraph {div} at (0,0) size 800x20 [bgcolor=#DDDDDD]
      RenderText {#text} at (12,2) size 10x14
        text run at (12,2) width 10: "G"
layer at (0,552) size 800x20
  RenderBlock (positioned) {letter-header} at (0,-48) size 800x20
    RenderParagraph {div} at (0,0) size 800x20 [bgcolor=#DDDDDD]
      RenderText {#text} at (12,2) size 5x14
        text run at (12,2) width 5: "J"
layer at (0,288) size 800x28 clip at (0,288) size 800x27
  RenderFlexibleBox {city-item} at (0,-312) size 800x28 [border: none (1px solid #EEEEEE) none]
    RenderParagraph {div} at (12,8) size 173.52x15
      RenderInline {span} at (0,0) size 51x15
        RenderText {#text} at (0,0) size 51x15
          text run at (0,0) width 51: "Casper"
      RenderInline {t} at (0,0) size 9x15
        RenderText {#text} at (50,0) size 9x15
          text run at (50,0) width 9: ", "
      RenderInline {span} at (0,0) size 116x15 [color=#AAAAAA]
        RenderText {#text} at (58,0) size 116x15
          text run at (58,0) width 116: "population 54047"
layer at (0,318) size 800x28 clip at (0,318) size 800x27
  RenderFlexibleBox {city-item} at (0,-282) size 800x28 [border: none (1px solid #EEEEEE) none]
    RenderParagraph {div} at (12,8) size 195.17x15
      RenderInline {span} at (0,0) size 73x15
        RenderText {#text} at (0,0) size 73x15
          text run at (0,0) width 73: "Cheyenne"
      RenderInline {t} at (0,0) size 9x15
        RenderText {#text} at (72,0) size 9x15
          text run at (72,0) width 9: ", "
      RenderInline {span} at (0,0) size 116x15 [color=#AAAAAA]
        RenderText {#text} at (80,0) size 116x15
          text run at (80,0) width 116: "population 56915"
layer at (0,348) size 800x28 clip at (0,348) size 800x27
  RenderFlexibleBox {city-item} at (0,-252) size 800x28 [border: none (1px solid #EEEEEE) none]
    RenderParagraph {div} at (12,8) size 150.92x15
      RenderInline {span} at (0,0) size 37x15
        RenderText {#text} at (0,0) size 37x15
          text run at (0,0) width 37: "Cody"
      RenderInline {t} at (0,0) size 9x15
        RenderText {#text} at (36,0) size 9x15
          text run at (36,0) width 9: ", "
      RenderInline {span} at (0,0) size 107x15 [color=#AAAAAA]
        RenderText {#text} at (44,0) size 107x15
          text run at (44,0) width 107: "population 9309"
layer at (0,396) size 800x28 clip at (0,396) size 800x27
  RenderFlexibleBox {city-item} at (0,-204) size 800x28 [border: none (1px solid #EEEEEE) none]
    RenderParagraph {div} at (12,8) size 173.92x15
      RenderInline {span} at (0,0) size 60x15
        RenderText {#text} at (0,0) size 60x15
          text run at (0,0) width 60: "Douglas"
      RenderInline {t} at (0,0) size 9x15
        RenderText {#text} at (59,0) size 9x15
          text run at (59,0) width 9: ", "
      RenderInline {span} at (0,0) size 107x15 [color=#AAAAAA]
        RenderText {#text} at (67,0) size 107x15
          text run at (67,0) width 107: "population 5971"
layer at (0,444) size 800x28 clip at (0,444) size 800x27
  RenderFlexibleBox {city-item} at (0,-156) size 800x28 [border: none (1px solid #EEEEEE) none]
    RenderParagraph {div} at (12,8) size 190.45x15
      RenderInline {span} at (0,0) size 68x15
        RenderText {#text} at (0,0) size 68x15
          text run at (0,0) width 68: "Evanston"
      RenderInline {t} at (0,0) size 9x15
        RenderText {#text} at (67,0) size 9x15
          text run at (67,0) width 9: ", "
      RenderInline {span} at (0,0) size 116x15 [color=#AAAAAA]
        RenderText {#text} at (75,0) size 116x15
          text run at (75,0) width 116: "population 11781"
layer at (0,492) size 800x28 clip at (0,492) size 800x27
  RenderFlexibleBox {city-item} at (0,-108) size 800x28 [border: none (1px solid #EEEEEE) none]
    RenderParagraph {div} at (12,8) size 177.03x15
      RenderInline {span} at (0,0) size 55x15
        RenderText {#text} at (0,0) size 55x15
          text run at (0,0) width 55: "Gillette"
      RenderInline {t} at (0,0) size 9x15
        RenderText {#text} at (54,0) size 9x15
          text run at (54,0) width 9: ", "
      RenderInline {span} at (0,0) size 116x15 [color=#AAAAAA]
        RenderText {#text} at (62,0) size 116x15
          text run at (62,0) width 116: "population 26871"
layer at (0,522) size 800x28 clip at (0,522) size 800x27
  RenderFlexibleBox {city-item} at (0,-78) size 800x28 [border: none (1px solid #EEEEEE) none]
    RenderParagraph {div} at (12,8) size 209.59x15
      RenderInline {span} at (0,0) size 87x15
        RenderText {#text} at (0,0) size 87x15
          text run at (0,0) width 87: "Green River"
      RenderInline {t} at (0,0) size 9x15
        RenderText {#text} at (86,0) size 9x15
          text run at (86,0) width 9: ", "
      RenderInline {span} at (0,0) size 116x15 [color=#AAAAAA]
        RenderText {#text} at (94,0) size 116x15
          text run at (94,0) width 116: "population 12149"
layer at (0,570) size 800x28 clip at (0,570) size 800x27
  RenderFlexibleBox {city-item} at (0,-30) size 800x28 [border: none (1px solid #EEEEEE) none]
    RenderParagraph {div} at (12,8) size 170.55x15
      RenderInline {span} at (0,0) size 56x15
        RenderText {#text} at (0,0) size 56x15
          text run at (0,0) width 56: "Jackson"
      RenderInline {t} at (0,0) size 10x15
        RenderText {#text} at (55,0) size 10x15
          text run at (55,0) width 10: ", "
      RenderInline {span} at (0,0) size 107x15 [color=#AAAAAA]
        RenderText {#text} at (64,0) size 107x15
          text run at (64,0) width 107: "population 9806"

