layer at (0,0) size 800x600
  RenderView {#document} at (0,0) size 800x600
layer at (0,0) size 800x551
  RenderBlock {sky} at (0,0) size 800x551
    RenderFlexibleBox {flights-app} at (0,0) size 800x551 [color=#2B2B2B] [bgcolor=#494949]
      RenderFlexibleBox {app-header} at (0,0) size 800x47 [color=#FFFFFF] [border: none (1px solid #3E77B7) none]
        RenderFlexibleBox {app-title} at (16,8) size 746x30
          RenderBlock {t} at (0,2) size 69.72x26
            RenderText {#text} at (0,0) size 70x25
              text run at (0,0) width 70: "Search"
        RenderFlexibleBox {app-menu-button} at (762,8) size 30x30
          RenderImage {img} at (6,15) size 18x0
      RenderBlock {app-toolbar} at (0,47) size 800x30 [bgcolor=#F6F6F6]
        RenderFlexibleBox {app-search-input} at (8,0) size 784x30
          RenderBlock {span} at (4,15) size 16x0
            RenderImage {img} at (0,0) size 16x0
          RenderBlock {span} at (28,4) size 221.84x22
            RenderBlock {t} at (0,0) size 221.84x22
              RenderText {#text} at (0,0) size 222x21
                text run at (0,0) width 222: "flights today to dc by price"
layer at (0,77) size 800x474
  RenderBlock {app-scrollable} at (0,77) size 800x474
    RenderFlexibleBox {app-panel} at (16,16) size 768x246 [bgcolor=#FFFFFF]
      RenderFlexibleBox {app-panel-header} at (0,0) size 768x46 [bgcolor=#DEDEDE]
        RenderBlock {div} at (8,14) size 722x18
          RenderInline {t} at (0,0) size 89x17
            RenderText {#text} at (0,0) size 89x17
              text run at (0,0) width 89: "SFO to DCA"
          RenderText {#text} at (0,0) size 0x0
        RenderFlexibleBox {app-menu-button} at (730,8) size 30x30
          RenderImage {img} at (8,15) size 14x0
      RenderFlexibleBox {app-panel-content} at (0,46) size 768x50
        RenderBlock {div} at (8,25) size 50x0
          RenderImage {img} at (0,0) size 50x0
        RenderBlock {div} at (58,8) size 650.41x34
          RenderInline {t} at (0,0) size 105x17
            RenderText {#text} at (8,8) size 105x17
              text run at (8,8) width 105: "Virgin America"
          RenderText {#text} at (0,0) size 0x0
        RenderBlock {div} at (708.41,8) size 51.59x34 [color=#ABB4B6]
          RenderInline {t} at (0,0) size 36x17
            RenderInline {a} at (0,0) size 36x17 [color=#1155CC]
              RenderText {#text} at (8,8) size 36x17
                text run at (8,8) width 36: "$800"
          RenderText {#text} at (0,0) size 0x0
      RenderFlexibleBox {app-panel-content} at (0,96) size 768x50
        RenderBlock {div} at (8,25) size 50x0
          RenderImage {img} at (0,0) size 50x0
        RenderBlock {div} at (58,8) size 650.41x34
          RenderInline {t} at (0,0) size 105x17
            RenderText {#text} at (8,8) size 105x17
              text run at (8,8) width 105: "British Airways"
          RenderText {#text} at (0,0) size 0x0
        RenderBlock {div} at (708.41,8) size 51.59x34 [color=#ABB4B6]
          RenderInline {t} at (0,0) size 36x17
            RenderInline {a} at (0,0) size 36x17 [color=#1155CC]
              RenderText {#text} at (8,8) size 36x17
                text run at (8,8) width 36: "$700"
          RenderText {#text} at (0,0) size 0x0
      RenderFlexibleBox {app-panel-content} at (0,146) size 768x50
        RenderBlock {div} at (8,25) size 50x0
          RenderImage {img} at (0,0) size 50x0
        RenderBlock {div} at (58,8) size 650.41x34
          RenderInline {t} at (0,0) size 47x17
            RenderText {#text} at (8,8) size 47x17
              text run at (8,8) width 47: "United"
          RenderText {#text} at (0,0) size 0x0
        RenderBlock {div} at (708.41,8) size 51.59x34 [color=#ABB4B6]
          RenderInline {t} at (0,0) size 36x17
            RenderInline {a} at (0,0) size 36x17 [color=#1155CC]
              RenderText {#text} at (8,8) size 36x17
                text run at (8,8) width 36: "$667"
          RenderText {#text} at (0,0) size 0x0
      RenderFlexibleBox {app-panel-content} at (0,196) size 768x50
        RenderBlock {div} at (8,25) size 50x0
          RenderImage {img} at (0,0) size 50x0
        RenderBlock {div} at (58,8) size 650.41x34
          RenderInline {t} at (0,0) size 38x17
            RenderText {#text} at (8,8) size 38x17
              text run at (8,8) width 38: "Delta"
          RenderText {#text} at (0,0) size 0x0
        RenderBlock {div} at (708.41,8) size 51.59x34 [color=#ABB4B6]
          RenderInline {t} at (0,0) size 36x17
            RenderInline {a} at (0,0) size 36x17 [color=#1155CC]
              RenderText {#text} at (8,8) size 36x17
                text run at (8,8) width 36: "$450"
          RenderText {#text} at (0,0) size 0x0
    RenderFlexibleBox {app-panel} at (16,278) size 768x196 [bgcolor=#FFFFFF]
      RenderFlexibleBox {app-panel-header} at (0,0) size 768x46 [bgcolor=#DEDEDE]
        RenderBlock {div} at (8,14) size 722x18
          RenderInline {t} at (0,0) size 87x17
            RenderText {#text} at (0,0) size 87x17
              text run at (0,0) width 87: "SJC to DCA"
          RenderText {#text} at (0,0) size 0x0
        RenderFlexibleBox {app-menu-button} at (730,8) size 30x30
          RenderImage {img} at (8,15) size 14x0
      RenderFlexibleBox {app-panel-content} at (0,46) size 768x50
        RenderBlock {div} at (8,25) size 50x0
          RenderImage {img} at (0,0) size 50x0
        RenderBlock {div} at (58,8) size 641.50x34
          RenderInline {t} at (0,0) size 105x17
            RenderText {#text} at (8,8) size 105x17
              text run at (8,8) width 105: "Virgin America"
          RenderText {#text} at (0,0) size 0x0
        RenderBlock {div} at (699.50,8) size 60.50x34 [color=#ABB4B6]
          RenderInline {t} at (0,0) size 45x17
            RenderInline {a} at (0,0) size 45x17 [color=#1155CC]
              RenderText {#text} at (8,8) size 45x17
                text run at (8,8) width 45: "$1500"
          RenderText {#text} at (0,0) size 0x0
      RenderFlexibleBox {app-panel-content} at (0,96) size 768x50
        RenderBlock {div} at (8,25) size 50x0
          RenderImage {img} at (0,0) size 50x0
        RenderBlock {div} at (58,8) size 650.41x34
          RenderInline {t} at (0,0) size 49x17
            RenderText {#text} at (8,8) size 49x17
              text run at (8,8) width 49: "jetBlue"
          RenderText {#text} at (0,0) size 0x0
        RenderBlock {div} at (708.41,8) size 51.59x34 [color=#ABB4B6]
          RenderInline {t} at (0,0) size 36x17
            RenderInline {a} at (0,0) size 36x17 [color=#1155CC]
              RenderText {#text} at (8,8) size 36x17
                text run at (8,8) width 36: "$650"
          RenderText {#text} at (0,0) size 0x0
      RenderFlexibleBox {app-panel-content} at (0,146) size 768x50
        RenderBlock {div} at (8,25) size 50x0
          RenderImage {img} at (0,0) size 50x0
        RenderBlock {div} at (58,8) size 650.41x34
          RenderInline {t} at (0,0) size 47x17
            RenderText {#text} at (8,8) size 47x17
              text run at (8,8) width 47: "United"
          RenderText {#text} at (0,0) size 0x0
        RenderBlock {div} at (708.41,8) size 51.59x34 [color=#ABB4B6]
          RenderInline {t} at (0,0) size 36x17
            RenderInline {a} at (0,0) size 36x17 [color=#1155CC]
              RenderText {#text} at (8,8) size 36x17
                text run at (8,8) width 36: "$367"
          RenderText {#text} at (0,0) size 0x0
layer at (514,522) size 254x46
  RenderFlexibleBox {app-toast} at (513.98,522) size 254.02x46 [bgcolor=#B0281A] [border: (1px solid #AEA477)]
    RenderBlock {div} at (7,7) size 32x32
      RenderBlock {div} at (0,0) size 32x32 [border: (2px solid #000000)]
        RenderInline {t} at (0,0) size 16x27
          RenderText {#text} at (8,3) size 16x27
            text run at (8,3) width 16: "?"
        RenderText {#text} at (0,0) size 0x0
    RenderBlock {div} at (45,15.50) size 202.02x15
      RenderBlock {div} at (0,0) size 202.02x15
        RenderInline {t} at (0,0) size 203x15
          RenderText {#text} at (0,0) size 64x15
            text run at (0,0) width 64: "Flights are "
          RenderInline {span} at (0,0) size 29x15
            RenderText {#text} at (63,0) size 29x15
              text run at (63,0) width 29: "$200"
          RenderText {#text} at (91,0) size 112x15
            text run at (91,0) width 112: " cheaper tomorrow."
        RenderText {#text} at (0,0) size 0x0

