layer at (0,0) size 800x600
  RenderView {#document} at (0,0) size 800x600
layer at (0,0) size 800x600
  RenderBlock {html} at (0,0) size 800x600
    RenderBlock {head} at (0,0) size 800x0
    RenderBlock {body} at (0,0) size 800x600 [bgcolor=#FFFFFF]
      RenderBlock {div} at (0,0) size 800x265
        RenderBlock {div} at (0,0) size 800x115
          RenderParagraph {div} at (15,15) size 770x49
            RenderInline {a} at (0,0) size 242x48 [color=#333333]
              RenderText {#text} at (528,0) size 242x48
                text run at (528,0) width 242: "Adam Barth"
          RenderBlock {div} at (15,64) size 770x36
            RenderParagraph {div} at (0,0) size 770x18
              RenderText {#text} at (574,0) size 196x17
                text run at (574,0) width 196: "Ph.D., M.S., Stanford, 2008"
            RenderParagraph {div} at (0,18) size 770x18
              RenderText {#text} at (635,0) size 135x17
                text run at (635,0) width 135: "B.A., Cornell, 2003"
        RenderBlock {div} at (0,115) size 800x150
          RenderParagraph {div} at (0,19) size 800x28
            RenderInline {a} at (0,0) size 93x17 [color=#333333]
              RenderText {#text} at (692,5) size 93x17
                text run at (692,5) width 93: "@adambarth"
          RenderParagraph {div} at (0,47) size 800x28
            RenderInline {a} at (0,0) size 35x17 [color=#333333]
              RenderText {#text} at (750,5) size 35x17
                text run at (750,5) width 35: "Blink"
          RenderParagraph {div} at (0,75) size 800x28
            RenderInline {a} at (0,0) size 74x17 [color=#333333]
              RenderText {#text} at (711,5) size 74x17
                text run at (711,5) width 74: "Chromium"
          RenderParagraph {div} at (0,103) size 800x28
            RenderInline {a} at (0,0) size 87x17 [color=#333333]
              RenderText {#text} at (698,5) size 87x17
                text run at (698,5) width 87: "Publications"
layer at (686,582) size 114x18
  RenderParagraph {div} at (686.19,582) size 113.81x18 [color=#333333]
    RenderText {#text} at (3,3) size 73x12
      text run at (3,3) width 73: "Photograph by "
    RenderInline {a} at (0,0) size 36x12
      RenderText {#text} at (75,3) size 36x12
        text run at (75,3) width 36: "J\x{E9}r\x{F4}me"
    RenderText {#text} at (0,0) size 0x0

