layer at (0,0) size 800x600
  RenderView {#document} at (0,0) size 800x600
layer at (0,0) size 800x400
  RenderBlock {sky} at (0,0) size 800x400
layer at (0,0) size 800x400 scrollHeight 1500
  RenderBlock {scroller} at (0,0) size 800x400
    RenderBlock {div} at (0,0) size 800x100
      RenderBlock (anonymous) at (0,0) size 800x19
        RenderText {#text} at (0,0) size 10x19
          text run at (0,0) width 10: "a"
    RenderBlock {div} at (0,100) size 800x100
      RenderBlock (anonymous) at (0,0) size 800x19
        RenderText {#text} at (0,0) size 11x19
          text run at (0,0) width 11: "b"
    RenderBlock {div} at (0,200) size 800x100
      RenderBlock (anonymous) at (0,0) size 800x19
        RenderText {#text} at (0,0) size 9x19
          text run at (0,0) width 9: "c"
    RenderBlock {div} at (0,300) size 800x100
      RenderBlock (anonymous) at (0,0) size 800x19
        RenderText {#text} at (0,0) size 11x19
          text run at (0,0) width 11: "d"
    RenderBlock {div} at (0,400) size 800x100
      RenderBlock (anonymous) at (0,0) size 800x19
        RenderText {#text} at (0,0) size 10x19
          text run at (0,0) width 10: "e"
    RenderBlock {div} at (0,500) size 800x100
      RenderBlock (anonymous) at (0,0) size 800x19
        RenderText {#text} at (0,0) size 6x19
          text run at (0,0) width 6: "f"
    RenderBlock {div} at (0,600) size 800x100
      RenderBlock (anonymous) at (0,0) size 800x19
        RenderText {#text} at (0,0) size 11x19
          text run at (0,0) width 11: "g"
    RenderBlock {div} at (0,700) size 800x100
      RenderBlock (anonymous) at (0,0) size 800x19
        RenderText {#text} at (0,0) size 11x19
          text run at (0,0) width 11: "h"
    RenderBlock {div} at (0,800) size 800x100
      RenderBlock (anonymous) at (0,0) size 800x19
        RenderText {#text} at (0,0) size 5x19
          text run at (0,0) width 5: "i"
    RenderBlock {div} at (0,900) size 800x100
      RenderBlock (anonymous) at (0,0) size 800x19
        RenderText {#text} at (0,0) size 5x19
          text run at (0,0) width 5: "j"
    RenderBlock {div} at (0,1000) size 800x100
      RenderBlock (anonymous) at (0,0) size 800x19
        RenderText {#text} at (0,0) size 10x19
          text run at (0,0) width 10: "k"
    RenderBlock {div} at (0,1100) size 800x100
      RenderBlock (anonymous) at (0,0) size 800x19
        RenderText {#text} at (0,0) size 5x19
          text run at (0,0) width 5: "l"
    RenderBlock {div} at (0,1200) size 800x100
      RenderBlock (anonymous) at (0,0) size 800x19
        RenderText {#text} at (0,0) size 16x19
          text run at (0,0) width 16: "m"
    RenderBlock {div} at (0,1300) size 800x100
      RenderBlock (anonymous) at (0,0) size 800x19
        RenderText {#text} at (0,0) size 11x19
          text run at (0,0) width 11: "n"
    RenderBlock {div} at (0,1400) size 800x100
      RenderBlock (anonymous) at (0,0) size 800x19
        RenderText {#text} at (0,0) size 10x19
          text run at (0,0) width 10: "o"

